[34mBienvenido a The Legend of Tecla[0m
[36mIntroduce nombre del personaje: [0m[36mElige clase (marine/francotirador/zapador): [0m[36mModo (1=default sin aliados, 2=grande 50x50 con aliados, 3=ficheros): [0m[36mDificultad (muy facil, facil, normal, dificil, muy dificil, pesadilla, demente) [normal]: [0m[36mTamano global del mapa <filas>x<columnas> (ENTER = por defecto): [0m[34mDificultad: pesadilla | enemigos=32 | salud x1.65 | danio x1.7[0m
[34mMapa: Base Lambda[0m
[34mInstalacion abandonada de la resistencia[0m
[34mJ o . . . o . . . . o . . . . . . . . . . o o . 
. . # # # # # # # # # # # # # # # # # # # # o . 
. . . . . o o . . o . . . . . o . . . . o . . . 
. . # . . . . # . . . o # . . . . # o . o . # . 
. . # . . o . # . . . . # . . . . # . o . . # . 
. . # # # # # # # # # # # # # # # # # # # # # . 
. . # . . . . # . . . . # . . . . # . . . . # . 
. . # . . . o # . . . . # . o . . # . . . . # o 
. . # . . . . # . . . . # . . . . # . . . o # o 
o . # # # # # # # # # # # # # # # # # # # # # . 
. . # . . o . # . . . o # . . . . # o . . . # . 
. . # . . . . # . . . . # . . . . # o . . . # . 
. . # . . . . # . o . o # . . . . # . . . . # . 
. . # # # # # # # # # # # # # # # # # # # # # . 
. o # . . . . # o . . . # o . . . # . o o o # . 
. . # . o . . # . o . . # . . o . # . . . o # . 
. . # o . . . # . . . . # . . . . # . . . . # o 
o o # # # # # # # # # # # # # # # # # # # # # . 
. . # . . . . # o . o . # o . . . # . . . . # . 
. . # . o . . # o o . . # o . . . # . . . . # . 
. . . o . . . . . . . o . . . . . . . . o . . . 
. . # # # # # # # # # # # # # # # # # # # # . X 
[0m
[36mTester [salud(120) energia(90)] pasos 0/160[0m
[36maccion> [0m[34mPartida finalizada.[0m
[34mPuntuacion final: 750[0m
[34m  - Salud restante: 300[0m
[34m  - Energia restante: 200[0m
[34m  - Eficiencia en pasos: 250[0m
[34m  - Progreso hacia objetivo: 0[0m
[34m  - Enemigos derrotados (0): 0[0m
[34m  - Ajuste por resultado final: 0[0m
[34mRecorrido: (0,0) [0m
