[34mBienvenido a The Legend of Tecla[0m
[34mDificultad: pesadilla | variante=1 | aliados=0 | salud x1.65 | danio x1.7[0m
[34mEnergia inicial adaptada al mapa: ruta minima=44 pasos | jugador=234.[0m
[34mMapa: Megabase Atlas - Variante 1[0m
[34mComplejo militar de gran escala, distribucion 1[0m
[34mJ . . . . . . . . . . . . . . . . . . . . . . .
. . . . . . . . . . . . . . . . . . . . . . . .
. . . . . . . . # . . . . . . . . . . . . . . .
. . . . . . . . # . . . . . . . . . # . . . . .
. . . . . . . . # . . . . . . . . . # . . . . .
. . . # # # # # . # # # # # # . # # # # # . . .
. . . . . . . . # . . . . . . . . . # . . . . .
. . . . . . . . # . . . . . . . . . # . . . . .
. . . . . . . . # . . . . . . . . . # . . . . .
. . . . . . . . # . . . . . . . . . . . . . . .
. . . . . . . . # . . . . . . . . . # . . . . .
. . . # # # # # # . # # # # # # . # # # # . . .
. . . . . . . . . . . . . . . . . . # . . . . .
. . . . . . . . # . . . . . . . . . # . . . . .
. . . . . . . . # . . . . . . . . . # . . . . .
. . . . . . . . # . . . . . . . . . # . . . . .
. . . . . . . . # . . . . . . . . . . . . . . .
. . . . # # # # # # . # # # # # # . # # # . . .
. . . . . . . . # . . . . . . . . . # . . . . .
. . . . . . . . . . . . . . . . . . # . . . . .
. . . . . . . . . . . . . . . . . . . . . . . .
. . . . . . . . . . . . . . . . . . . . . . . X
[0m
[36mMatriz  Salud 120/120  Energia 234/234  Pasos 0/2200  Formacion sin formacion[0m
[36mAliados: ninguno.[0m
[36maccion> [0m[34mPartida finalizada.[0m
[34mPuntuacion final: 750[0m
[34m  - Salud restante: 300[0m
[34m  - Energia restante: 200[0m
[34m  - Eficiencia en pasos: 250[0m
[34m  - Progreso hacia objetivo: 0[0m
[34m  - Enemigos derrotados (0): 0[0m
[34m  - Ajuste por resultado final: 0[0m
[34mRecorrido: (0,0) [0m
