[34mBienvenido a The Legend of Tecla[0m
[34mDificultad: facil | enemigos archivo=3 -> 2 | salud x0.85 | danio x0.85[0m
[34mAliados automaticos=0[0m
[34mMapa: Mapa desde fichero[0m
[34mCargado desde disco[0m
[34mJ . . = . . . . . . = . . . . = = . = . . . ? ?
. ? . . . = . ? . . . ? ? . . . . ? . . = . . .
. . . . . . = . ? . = = ? . . . = = ? . . . . ?
. = ? U ? = . . . . . . ? ? . . = . . . . . . .
. = . ? T ? . = . = . . . ? . . = . . . = . = =
. . . . . . . . . = ? . . . = ? . . . . ? ? . .
? . . . . . = . . . . . = . = . . . . ? = . = .
. ? . = = . . . ? ? . . ? . . . . . . ? . . . ?
. = . . = ? = . . = . . . = . . ? . . . . . . .
. ? . . . . . ? . . . . . ? . . ? . . . = . . .
= . ? . . ? . . . ? = . = . . . . ? ? . . . . =
. . . ? ? . = . . . = X . ? ? . = . . . . . . .
= . = . . = . . ? = . . . . . . . = . . ? = . ?
. . = . . . = . . . . = . = . . . ? . . . . = =
. . . . ? . = = . . . ? . . . ? . . . = = ? = =
. . . . . . . = . . = . . . . . . . . . . . . .
. = . = . = . . . . . . = . . . = = . . . . ? .
. . = = = ? . = . = . . = . = . . . = . ? . ? .
. . . . . . . . . . ? ? . . . . = . . ? . . = .
. ? . . . ? = . . . . . . . . ? . . . . . . . .
. . . = . . . . . . ? ? . ? . . . . . . . ? . =
. = . . . . ? ? . ? . . = . . = . . . . . . . .
[0m
[34mLeyenda: J=jugador E=enemigo A=aliado F=fuego ?=oscuridad T=antorcha U=fuente ==madera o=objeto X=objetivo[0m
[36mMatriz  Salud 120/120  Energia 90/90  Pasos 0/80  Formacion sin formacion[0m
[36mAliados: ninguno.[0m
[36maccion> [0m[31mError de comando: Comando desconocido: ?salir[0m
[34mJ . . = . . . . . . = . . . . = = . = . . . ? ?
. ? . . . = . ? . . . ? ? . . . . ? . . = . . .
. . . . . . = . ? . = = ? . . . = = ? . . . . ?
. = ? U ? = . . . . . . ? ? . . = . . . . . . .
. = . ? T ? . = . = . . . ? . . = . . . = . = =
. . . . . . . . . = ? . . . = ? . . . . ? ? . .
? . . . . . = . . . . . = . = . . . . ? = . = .
. ? . = = . . . ? ? . . ? . . . . . . ? . . . ?
. = . . = ? = . . = . . . = . . ? . . . . . . .
. ? . . . . . ? . . . . . ? . . ? . . . = . . .
= . ? . . ? . . . ? = . = . . . . ? ? . . . . =
. . . ? ? . = . . . = X . ? ? . = . . . . . . .
= . = . . = . . ? = . . . . . . . = . . ? = . ?
. . = . . . = . . . . = . = . . . ? . . . . = =
. . . . ? . = = . . . ? . . . ? . . . = = ? = =
. . . . . . . = . . = . . . . . . . . . . . . .
. = . = . = . . . . . . = . . . = = . . . . ? .
. . = = = ? . = . = . . = . = . . . = . ? . ? .
. . . . . . . . . . ? ? . . . . = . . ? . . = .
. ? . . . ? = . . . . . . . . ? . . . . . . . .
. . . = . . . . . . ? ? . ? . . . . . . . ? . =
. = . . . . ? ? . ? . . = . . = . . . . . . . .
[0m
[34mLeyenda: J=jugador E=enemigo A=aliado F=fuego ?=oscuridad T=antorcha U=fuente ==madera o=objeto X=objetivo[0m
[36mMatriz  Salud 120/120  Energia 90/90  Pasos 0/80  Formacion sin formacion[0m
[36mAliados: ninguno.[0m
[36maccion> [0m[31mError de comando: Comando vacio.[0m
[34mJ . . = . . . . . . = . . . . = = . = . . . ? ?
. ? . . . = . ? . . . ? ? . . . . ? . . = . . .
. . . . . . = . ? . = = ? . . . = = ? . . . . ?
. = ? U ? = . . . . . . ? ? . . = . . . . . . .
. = . ? T ? . = . = . . . ? . . = . . . = . = =
. . . . . . . . . = ? . . . = ? . . . . ? ? . .
? . . . . . = . . . . . = . = . . . . ? = . = .
. ? . = = . . . ? ? . . ? . . . . . . ? . . . ?
. = . . = ? = . . = . . . = . . ? . . . . . . .
. ? . . . . . ? . . . . . ? . . ? . . . = . . .
= . ? . . ? . . . ? = . = . . . . ? ? . . . . =
. . . ? ? . = . . . = X . ? ? . = . . . . . . .
= . = . . = . . ? = . . . . . . . = . . ? = . ?
. . = . . . = . . . . = . = . . . ? . . . . = =
. . . . ? . = = . . . ? . . . ? . . . = = ? = =
. . . . . . . = . . = . . . . . . . . . . . . .
. = . = . = . . . . . . = . . . = = . . . . ? .
. . = = = ? . = . = . . = . = . . . = . ? . ? .
. . . . . . . . . . ? ? . . . . = . . ? . . = .
. ? . . . ? = . . . . . . . . ? . . . . . . . .
. . . = . . . . . . ? ? . ? . . . . . . . ? . =
. = . . . . ? ? . ? . . = . . = . . . . . . . .
[0m
[34mLeyenda: J=jugador E=enemigo A=aliado F=fuego ?=oscuridad T=antorcha U=fuente ==madera o=objeto X=objetivo[0m
[36mMatriz  Salud 120/120  Energia 90/90  Pasos 0/80  Formacion sin formacion[0m
[36mAliados: ninguno.[0m
[36maccion> [0m
Entrada cerrada. Partida finalizada.
