[34mBienvenido a The Legend of Tecla[0m
[34mDificultad: demente | enemigos=40 | aliados=0 | salud x2.0 | danio x2.2[0m
[34mEnergia inicial adaptada al mapa: ruta minima=44 pasos | jugador=234.[0m
[34mMapa: Base Lambda[0m
[34mInstalacion abandonada de la resistencia[0m
[34mJ . . . . . . . . . . . . . . . . . . . . . . .
. . # # # # # # # # # # # # # # # # # # # # . .
. . . . . . . . . . . . . . . . . . . . . . . .
. . # . . . . # . . . . # . . . . # . . . . # .
. . # . . . . # . . . . # . . . . # . . . . # .
. . # # # # # # # # # # # # # # # # # # # # # .
. . # . . . . # . . . . # . . . . # . . . . # .
. . # . . . . # . . . . # . . . . # . . . . # .
. . # . . . . # . . . . # . . . . # . . . . # .
. . # # # # # # # # # # # # # # # # # # # # # .
. . # . . . . # . . . . # . . . . # . . . . # .
. . # . . . . # . . . . # . . . . # . . . . # .
. . # . . . . # . . . . # . . . . # . . . . # .
. . # # # # # # # # # # # # # # # # # # # # # .
. . # . . . . # . . . . # . . . . # . . . . # .
. . # . . . . # . . . . # . . . . # . . . . # .
. . # . . . . # . . . . # . . . . # . . . . # .
. . # # # # # # # # # # # # # # # # # # # # # .
. . # . . . . # . . . . # . . . . # . . . . # .
. . # . . . . # . . . . # . . . . # . . . . # .
. . . . . . . . . . . . . . . . . . . . . . . .
. . # # # # # # # # # # # # # # # # # # # # . X
[0m
[36mMatriz  Salud 120/120  Energia 234/234  Pasos 0/160[0m
[36mAliados: ninguno.[0m
[36maccion> [0m[31mError de comando: Comando desconocido: ?salir[0m
[34mJ . . . . . . . . . . . . . . . . . . . . . . .
. . # # # # # # # # # # # # # # # # # # # # . .
. . . . . . . . . . . . . . . . . . . . . . . .
. . # . . . . # . . . . # . . . . # . . . . # .
. . # . . . . # . . . . # . . . . # . . . . # .
. . # # # # # # # # # # # # # # # # # # # # # .
. . # . . . . # . . . . # . . . . # . . . . # .
. . # . . . . # . . . . # . . . . # . . . . # .
. . # . . . . # . . . . # . . . . # . . . . # .
. . # # # # # # # # # # # # # # # # # # # # # .
. . # . . . . # . . . . # . . . . # . . . . # .
. . # . . . . # . . . . # . . . . # . . . . # .
. . # . . . . # . . . . # . . . . # . . . . # .
. . # # # # # # # # # # # # # # # # # # # # # .
. . # . . . . # . . . . # . . . . # . . . . # .
. . # . . . . # . . . . # . . . . # . . . . # .
. . # . . . . # . . . . # . . . . # . . . . # .
. . # # # # # # # # # # # # # # # # # # # # # .
. . # . . . . # . . . . # . . . . # . . . . # .
. . # . . . . # . . . . # . . . . # . . . . # .
. . . . . . . . . . . . . . . . . . . . . . . .
. . # # # # # # # # # # # # # # # # # # # # . X
[0m
[36mMatriz  Salud 120/120  Energia 234/234  Pasos 0/160[0m
[36mAliados: ninguno.[0m
[36maccion> [0m[31mError de comando: Comando vacio.[0m
[34mJ . . . . . . . . . . . . . . . . . . . . . . .
. . # # # # # # # # # # # # # # # # # # # # . .
. . . . . . . . . . . . . . . . . . . . . . . .
. . # . . . . # . . . . # . . . . # . . . . # .
. . # . . . . # . . . . # . . . . # . . . . # .
. . # # # # # # # # # # # # # # # # # # # # # .
. . # . . . . # . . . . # . . . . # . . . . # .
. . # . . . . # . . . . # . . . . # . . . . # .
. . # . . . . # . . . . # . . . . # . . . . # .
. . # # # # # # # # # # # # # # # # # # # # # .
. . # . . . . # . . . . # . . . . # . . . . # .
. . # . . . . # . . . . # . . . . # . . . . # .
. . # . . . . # . . . . # . . . . # . . . . # .
. . # # # # # # # # # # # # # # # # # # # # # .
. . # . . . . # . . . . # . . . . # . . . . # .
. . # . . . . # . . . . # . . . . # . . . . # .
. . # . . . . # . . . . # . . . . # . . . . # .
. . # # # # # # # # # # # # # # # # # # # # # .
. . # . . . . # . . . . # . . . . # . . . . # .
. . # . . . . # . . . . # . . . . # . . . . # .
. . . . . . . . . . . . . . . . . . . . . . . .
. . # # # # # # # # # # # # # # # # # # # # . X
[0m
[36mMatriz  Salud 120/120  Energia 234/234  Pasos 0/160[0m
[36mAliados: ninguno.[0m
[36maccion> [0m
Entrada cerrada. Partida finalizada.
