# tecla-run-log-v2
# source: current-java17-engine
# encoding: UTF-8
# ansi: removed
Bienvenido a The Legend of Tecla
Dificultad: normal | enemigos archivo=3 -> 3 | salud x1.0 | danio x1.0
Suministros por poblacion: entidades=3 | lotes=1 | objetos=11
Aliados generados=0
Mapa: Mapa desde fichero
Cargado desde disco
J . . = . . . . . . = . . . . = = . = . . . ? ?
. ? . . . = . ? . . . ? ? . . . . ? . . = . . .
. . . . . . = . ? . = = ? . . . = = ? . . . . ?
. = ? U ? = . . . . . . ? ? . . = . . . . . . .
. = . ? T ? . = . = . . . ? . . = . . . = . = =
. . . . . . . . . = ? . . . = ? . . . . ? ? . .
? . . . . . = . . . . . = . = . . . . ? = . = .
. ? . = = . . . ? ? . . ? . . . . . . ? . . . ?
. = . . = ? = . . = . . . = . . ? . . . . . . .
. ? . . . . . ? . . . . . ? . . ? . . . = . . .
= . ? . . ? . . . ? = . = . . . . ? ? . . . . =
. . . ? ? . = . . . = X . ? ? . = . . . . . . .
= . = . . = . . ? = . . . . . . . = . . ? = . ?
. . = . . . = . . . . = . = . . . ? . . . . = =
. . . . ? . = = . . . ? . . . ? . . . = = ? = =
. . . . . . . = . . = . . . . . . . . . . . . .
. = . = . = . . . . . . = . . . = = . . . . ? .
. . = = = ? . = . = . . = . = . . . = . ? . ? .
. . . . . . . . . . ? ? . . . . = . . ? . . = .
. ? . . . ? = . . . . . . . . ? . . . . . . . .
. . . = . . . . . . ? ? . ? . . . . . . . ? . =
. = . . . . ? ? . ? . . = . . = . . . . . . . .

Leyenda: J=jugador E=enemigo A=aliado F=fuego ?=oscuridad T=antorcha U=fuente ==madera o=objeto X=objetivo
Matriz  Nivel 1  Salud 120/120  Energia 90/90  Pasos 0/80  Formacion sin formacion  Efectos ninguno
Aliados: ninguno.
accion> Partida finalizada.
Puntuacion final: 750
  - Salud restante: 300
  - Energia restante: 200
  - Eficiencia en pasos: 250
  - Progreso hacia objetivo: 0
  - Enemigos derrotados (0): 0
  - Ajuste por resultado final: 0
Recorrido: (0,0)
