# tecla-run-log-v2
# source: current-java17-engine
# encoding: UTF-8
# ansi: removed
Bienvenido a The Legend of Tecla
Suministros por poblacion: entidades=27 | lotes=4 | objetos=44
Dificultad: muy dificil | variante=1 | aliados=0 | salud x1.4 | danio x1.4
Mapa: Megabase Atlas - Variante 1
Complejo militar de gran escala, distribucion 1
J . ? = . = . . . .
. . . . . = . ? . =
. . . . ? . . . # .
= . . . . . . . # .
= . ? . = = . . # .
. . . # # # # = . .
? ? . . . . = . # =
= = T . . ? = U # ?
= . . . . . . ? . .
? . . . = . . . = X

Leyenda: J=jugador E=enemigo A=aliado F=fuego ?=oscuridad T=antorcha U=fuente ==madera o=objeto X=objetivo
Matriz  Nivel 1  Salud 120/120  Energia 90/90  Pasos 0/2200  Formacion sin formacion  Efectos ninguno
Aliados: ninguno.
accion> Partida finalizada.
Puntuacion final: 750
  - Salud restante: 300
  - Energia restante: 200
  - Eficiencia en pasos: 250
  - Progreso hacia objetivo: 0
  - Enemigos derrotados (0): 0
  - Ajuste por resultado final: 0
Recorrido: (0,0)
