# tecla-run-log-v2
# source: current-java17-engine
# encoding: UTF-8
# ansi: removed
Bienvenido a The Legend of Tecla
Suministros por poblacion: entidades=9 | lotes=2 | objetos=22
Dificultad: muy facil | enemigos=9 | aliados=0 | salud x0.7 | danio x0.65
Energia inicial adaptada al mapa: ruta minima=44 pasos | jugador=234.
Mapa: Base Lambda
Instalacion abandonada de la resistencia
J . . . . . . . ? ? . . . . . . . . . . = . . ?
. . # # # # # # # # # # # # # # # # # # # # . =
. = . = . = . . . = ? . . . . . = . . . . . . .
. . # . . . . # . = . = # . . . . # . . . . # .
. . # . ? . . # . . . = # . . . = # . = . . # =
. ? # # # # # # # # # # # # # # # # # # # # # .
= . # . = = . # = . . . # . . . . # . . . ? # .
. . # = = . . # ? = . . # . . . . # ? . . . # ?
. . # . . ? . # . . = . # . . . . # . . . ? # .
. . # # # # # # # # # # # # # # # # # # # # # ?
. ? # . . . = # . . . . # . = = ? # . . = . # =
. . # ? ? . . # . . ? . # . . = . # . . . = # =
= ? # . . ? . # . . ? = # . . . . # . . = ? # .
. . # # # # # # # # # # # # # # # # # # # # # .
? . # U T . . # . . . ? # . . = . # ? . . . # =
= = # . = ? = # ? . . . # . . = . # . . . ? # .
. . # . . . = # . . . = # ? . . . # . . . . # .
. = # # # # # # # # # # # # # # # # # # # # # .
? . # . ? = = # . . . . # . . . = # = . . . # .
? . # . . . . # . . . . # . . = . # . . . . # .
. = . . . ? . . . = . ? . = = . . . . . . . . ?
? . # # # # # # # # # # # # # # # # # # # # ? X

Leyenda: J=jugador E=enemigo A=aliado F=fuego ?=oscuridad T=antorcha U=fuente ==madera o=objeto X=objetivo
Matriz  Nivel 1  Salud 120/120  Energia 234/234  Pasos 0/160  Formacion sin formacion  Efectos ninguno
Aliados: ninguno.
accion> Partida finalizada.
Puntuacion final: 750
  - Salud restante: 300
  - Energia restante: 200
  - Eficiencia en pasos: 250
  - Progreso hacia objetivo: 0
  - Enemigos derrotados (0): 0
  - Ajuste por resultado final: 0
Recorrido: (0,0)
